[1womenshealth.com/index.html]
[1womenshealth.com/xmlrpc.php]
[backblue.gif]
[fade.gif]
[index.html]
[1womenshealth.com/wp-content/uploads/2023/12/1-Womans-Magazine-300x300.jpg]
[1womenshealth.com/wp-content/plugins/td-api-plugin/css/styleb6a4.css]
[1womenshealth.com/wp-content/plugins/td-newsletter/style00d1.css]
[1womenshealth.com/feed/index.html]
[1womenshealth.com/wp-content/themes/Newsmag/style00d1.css]
[1womenshealth.com/wp-content/plugins/td-composer/legacy/Newsmag/assets/css/td_legacy_mainef70.css]
[1womenshealth.com/wp-content/plugins/td-composer/legacy/Newsmag/includes/demos/travel/demo_style00d1.css]
[1womenshealth.com/wp-includes/js/jquery/jquery.minf43b.js]
[1womenshealth.com/wp-includes/js/jquery/jquery-migrate.min5589.js]
[1womenshealth.com/wp-json/wp/v2/pages/102766.json]
[1womenshealth.com/wp-json/index.html]
[1womenshealth.com/xmlrpc.370db0.delayed]
[1womenshealth.com/wp-json/oembed/1.0/embed4b05.json]
[1womenshealth.com/wp-json/oembed/1.0/embedea22]
[1womenshealth.com/wp-content/uploads/2023/02/bg.jpg]
[1womenshealth.com/wp-content/uploads/2023/12/1-Womans-Magazine-150x150.jpg]
[1womenshealth.com/wp-content/uploads/2023/12/1womansMagazine-300x150.png]
[1womenshealth.com/category/health/index.html]
[1womenshealth.com/category/emotional/index.html]
[1womenshealth.com/category/beauty/index.html]
[1womenshealth.com/category/recreation/index.html]
[1womenshealth.com/wp-content/uploads/2024/06/brand-promotion-company-vuga-media-group.gif]
[1womenshealth.com/vuga-publishing-a-unique-opportunity-for-authors-to-create-a-marketing-campaign-with-big-discounts/index.html]
[1womenshealth.com/navigating-the-physical-and-emotional-side-effects-of-breast-cancer-treatment/index.html]
[1womenshealth.com/how-thyroid-problems-can-affect-your-mood-and-cognitive-function/index.html]
[1womenshealth.com/wp-content/plugins/ewww-image-optimizer/includes/lazysizes.minc38d.js]
[1womenshealth.com/unleashing-your-inner-artisan-the-art-of-handmade-bread/index.html]
[1womenshealth.com/volunteering-for-mental-health-enhancing-emotional-wellbeing-through-service/index.html]
[1womenshealth.com/the-economic-burden-of-treating-common-types-of-bone-fractures/index.html]
[1womenshealth.com/building-emotional-resilience-essential-tips-for-women/index.html]
[1womenshealth.com/wp-content/plugins/wp-external-links/public/js/wpel-frontb6a4.js]
[1womenshealth.com/wp-content/plugins/td-composer/legacy/Newsmag/js/tagdiv_theme.min00d1.js]
[1womenshealth.com/finding-tranquility-step-by-step-meditation-practices-for-beginners/index.html]
[1womenshealth.com/unveiling-the-secrets-of-dark-academia-skincare-a-guide-to-radiant-intellectual-beauty/index.html]
[1womenshealth.com/can-getting-a-covid-vaccine-increase-your-risk-of-miscarriage-heres-what-experts-say/index.html]
[1womenshealth.com/wp-includes/js/comment-reply.minb6a4.js]
[1womenshealth.com/the-role-of-lifestyle-interventions-in-preventing-or-delaying-onset-of-type-2-diabetes/index.html]
[1womenshealth.com/breast-cancer-treatment-side-effects-you-may-not-know-about/index.html]
[1womenshealth.com/oral-health-and-happiness-understanding-the-connection/index.html]
[1womenshealth.com/the-hidden-danger-of-false-positives-increased-breast-cancer-risk/index.html]
[1womenshealth.com/cdn-cgi/scripts/7d0fa10a/cloudflare-static/rocket-loader.min.js]
[1womenshealth.com/index.html]
[1womenshealth.com/fortifying-your-frame-how-vitamin-d-supplements-can-help-keep-bones-intact/index.html]
[1womenshealth.com/scrolling-towards-anxiety-the-impact-of-doomscrolling-on-mental-well-being/index.html]
[1womenshealth.com/recognizing-the-signs-of-seasonal-depression-and-seeking-help/index.html]
[1womenshealth.com/vitamin-b-12-status-in-lactating-women-implications-for-breast-milk-quality-and-infant-nutrition/index.html]
[1womenshealth.com/xmlrpc.html]
[1womenshealth.com/crying-makeup-redefining-beauty-standards-and-embracing-authenticity/index.html]
[1womenshealth.com/pink-french-tip-nails-classic-elegance-with-a-modern-twist/index.html]
[1womenshealth.com/wp-content/plugins/td-api-plugin/css/styleb6a4.css]
[1womenshealth.com/wp-content/plugins/td-newsletter/style00d1.css]
[1womenshealth.com/cf-fonts/s/roboto-condensed/5.0.14/cyrillic-ext/400/normal.html]
[1womenshealth.com/cf-fonts/s/roboto-condensed/5.0.14/latin/400/normal.html]
[1womenshealth.com/cf-fonts/s/roboto-condensed/5.0.14/latin-ext/400/normal.html]
[1womenshealth.com/cf-fonts/s/roboto-condensed/5.0.14/vietnamese/400/normal.html]
[1womenshealth.com/cf-fonts/s/roboto-condensed/5.0.14/cyrillic/400/normal.html]
[1womenshealth.com/cf-fonts/s/roboto-condensed/5.0.14/greek-ext/400/normal.html]
[1womenshealth.com/cf-fonts/s/roboto-condensed/5.0.14/greek/400/normal.html]
[1womenshealth.com/cf-fonts/s/roboto-condensed/5.0.14/greek/500/normal.html]
[1womenshealth.com/cf-fonts/s/roboto-condensed/5.0.14/latin/500/normal.html]
[1womenshealth.com/cf-fonts/s/roboto-condensed/5.0.14/greek-ext/500/normal.html]
[1womenshealth.com/cf-fonts/s/roboto-condensed/5.0.14/latin-ext/500/normal.html]
[1womenshealth.com/cf-fonts/s/roboto-condensed/5.0.14/vietnamese/500/normal.html]
[1womenshealth.com/cf-fonts/s/roboto-condensed/5.0.14/cyrillic/500/normal.html]
[1womenshealth.com/cf-fonts/s/roboto-condensed/5.0.14/cyrillic-ext/500/normal.html]
[1womenshealth.com/cf-fonts/s/roboto-condensed/5.0.14/latin/700/normal.html]
[1womenshealth.com/cf-fonts/s/roboto-condensed/5.0.14/greek-ext/700/normal.html]
[1womenshealth.com/cf-fonts/s/roboto-condensed/5.0.14/cyrillic-ext/700/normal.html]
[1womenshealth.com/cf-fonts/s/roboto-condensed/5.0.14/cyrillic/700/normal.html]
[1womenshealth.com/cf-fonts/s/roboto-condensed/5.0.14/greek/700/normal.html]
[1womenshealth.com/cf-fonts/s/roboto-condensed/5.0.14/vietnamese/700/normal.html]
[1womenshealth.com/cf-fonts/s/roboto-condensed/5.0.14/latin-ext/700/normal.html]
[1womenshealth.com/cf-fonts/s/open-sans/5.0.20/greek-ext/400/normal.html]
[1womenshealth.com/cf-fonts/s/open-sans/5.0.20/latin-ext/400/normal.html]
[1womenshealth.com/cf-fonts/s/open-sans/5.0.20/cyrillic-ext/400/normal.html]
[1womenshealth.com/cf-fonts/s/open-sans/5.0.20/cyrillic/400/normal.html]
[1womenshealth.com/cf-fonts/s/open-sans/5.0.20/latin/400/normal.html]
[1womenshealth.com/cf-fonts/s/open-sans/5.0.20/vietnamese/400/normal.html]
[1womenshealth.com/cf-fonts/s/open-sans/5.0.20/greek/400/normal.html]
[1womenshealth.com/cf-fonts/s/open-sans/5.0.20/hebrew/400/normal.html]
[1womenshealth.com/cf-fonts/s/open-sans/5.0.20/cyrillic-ext/600/normal.html]
[1womenshealth.com/cf-fonts/s/open-sans/5.0.20/hebrew/600/normal.html]
[1womenshealth.com/cf-fonts/s/open-sans/5.0.20/cyrillic/600/normal.html]
[1womenshealth.com/cf-fonts/s/open-sans/5.0.20/latin/600/normal.html]
[1womenshealth.com/cf-fonts/s/open-sans/5.0.20/greek/600/normal.html]
[1womenshealth.com/cf-fonts/s/open-sans/5.0.20/vietnamese/600/normal.html]
[1womenshealth.com/cf-fonts/s/open-sans/5.0.20/latin-ext/600/normal.html]
[1womenshealth.com/cf-fonts/s/open-sans/5.0.20/greek-ext/600/normal.html]
[1womenshealth.com/cf-fonts/s/open-sans/5.0.20/latin-ext/700/normal.html]
[1womenshealth.com/cf-fonts/s/open-sans/5.0.20/hebrew/700/normal.html]
[1womenshealth.com/cf-fonts/s/open-sans/5.0.20/greek-ext/700/normal.html]
[1womenshealth.com/cf-fonts/s/open-sans/5.0.20/greek/700/normal.html]
[1womenshealth.com/cf-fonts/s/open-sans/5.0.20/cyrillic-ext/700/normal.html]
[1womenshealth.com/cf-fonts/s/open-sans/5.0.20/cyrillic/700/normal.html]
[1womenshealth.com/cf-fonts/s/open-sans/5.0.20/vietnamese/700/normal.html]
[1womenshealth.com/cf-fonts/s/open-sans/5.0.20/latin/700/normal.html]
[1womenshealth.com/wp-content/themes/Newsmag/style00d1.css]
[1womenshealth.com/wp-content/plugins/td-composer/legacy/Newsmag/assets/css/td_legacy_mainef70.css]
[1womenshealth.com/wp-content/plugins/td-composer/legacy/Newsmag/includes/demos/travel/demo_style00d1.css]
[1womenshealth.com/wp-includes/js/jquery/jquery.minf43b.js]
[1womenshealth.com/wp-includes/js/jquery/jquery-migrate.min5589.js]
[1womenshealth.com/xmlrpc0db0.html]
[1womenshealth.com/wp-content/uploads/2023/02/bg.html]
[1womenshealth.com/category/health/index.html]
[1womenshealth.com/category/beauty/index.html]
[1womenshealth.com/category/emotional/index.html]
[1womenshealth.com/category/recreation/index.html]
[1womenshealth.com/vuga-publishing-a-unique-opportunity-for-authors-to-create-a-marketing-campaign-with-big-discounts/index.html]
[1womenshealth.com/navigating-the-physical-and-emotional-side-effects-of-breast-cancer-treatment/index.html]
[1womenshealth.com/how-thyroid-problems-can-affect-your-mood-and-cognitive-function/index.html]
[1womenshealth.com/the-economic-burden-of-treating-common-types-of-bone-fractures/index.html]
[1womenshealth.com/volunteering-for-mental-health-enhancing-emotional-wellbeing-through-service/index.html]
[1womenshealth.com/unleashing-your-inner-artisan-the-art-of-handmade-bread/index.html]
[1womenshealth.com/building-emotional-resilience-essential-tips-for-women/index.html]
[1womenshealth.com/can-getting-a-covid-vaccine-increase-your-risk-of-miscarriage-heres-what-experts-say/index.html]
[1womenshealth.com/finding-tranquility-step-by-step-meditation-practices-for-beginners/index.html]
[1womenshealth.com/unveiling-the-secrets-of-dark-academia-skincare-a-guide-to-radiant-intellectual-beauty/index.html]
[1womenshealth.com/oral-health-and-happiness-understanding-the-connection/index.html]
[1womenshealth.com/the-hidden-danger-of-false-positives-increased-breast-cancer-risk/index.html]
[1womenshealth.com/breast-cancer-treatment-side-effects-you-may-not-know-about/index.html]
[1womenshealth.com/the-role-of-lifestyle-interventions-in-preventing-or-delaying-onset-of-type-2-diabetes/index.html]
[1womenshealth.com/vitamin-b-12-status-in-lactating-women-implications-for-breast-milk-quality-and-infant-nutrition/index.html]
[1womenshealth.com/fortifying-your-frame-how-vitamin-d-supplements-can-help-keep-bones-intact/index.html]
[1womenshealth.com/scrolling-towards-anxiety-the-impact-of-doomscrolling-on-mental-well-being/index.html]
[1womenshealth.com/recognizing-the-signs-of-seasonal-depression-and-seeking-help/index.html]
[1womenshealth.com/crying-makeup-redefining-beauty-standards-and-embracing-authenticity/index.html]
[1womenshealth.com/breaking-free-from-trends-nurturing-an-indie-inspired-beauty-style/index.html]
[1womenshealth.com/breaking-free-from-trends-nurturing-an-indie-inspired-beauty-style/index.html]
[1womenshealth.com/pink-french-tip-nails-classic-elegance-with-a-modern-twist/index.html]
[1womenshealth.com/cottagecore-nail-art-diy-tips-for-whimsical-and-nature-inspired-designs/index.html]
[1womenshealth.com/cottagecore-nail-art-diy-tips-for-whimsical-and-nature-inspired-designs/index.html]
[1womenshealth.com/exploring-biofeedback-a-guide-to-understanding-your-bodys-responses/index.html]
[1womenshealth.com/exploring-biofeedback-a-guide-to-understanding-your-bodys-responses/index.html]
[1womenshealth.com/wp-content/plugins/ewww-image-optimizer/includes/lazysizes.minc38d.js]
[1womenshealth.com/wp-content/plugins/wp-external-links/public/js/wpel-frontb6a4.js]
[1womenshealth.com/wp-content/plugins/td-composer/legacy/Newsmag/js/tagdiv_theme.min00d1.js]
[1womenshealth.com/wp-includes/js/comment-reply.minb6a4.js]
